run-gate: comparison base fc75306035e8ffe6493417839649f09fec174991 (from --base) → --request-base
run-gate: config: /workspaces/dstdns/.worktrees/assay-b087-js-r3-qual-20261008/run-gate.toml
run-gate: rev 55 | lane b087-import-break | env [environments.test-runner] in /workspaces/dstdns/.worktrees/assay-b087-js-r3-qual-20261008/run-gate.toml | container assay-b087-js-r3-qual-20261008-n1gbah-test-runner (ciu.global.toml deploy.project_name+environment_tag (judged worktree: /workspaces/dstdns/.worktrees/assay-b087-js-r3-qual-20261008/ciu.global.toml)) | slice dev-gates.slice ($CGROUP_PARENT_DEV_GATES, naming-only)
run-gate: exec env (forwarded: CGROUP_PARENT_DEV_BACKGROUND ; declared but ABSENT: GIT_CONFIG_COUNT, GIT_CONFIG_KEY_0, GIT_CONFIG_VALUE_0, P128_ENVIRONMENT_TAG, P128_NETWORK_NAME, P128_PHYSICAL_REPO_ROOT, P128_PROJECT_NAME, P128_TEST_RUNNER, P129_TEST_RUNNER, P165_TEST_RUNNER, P167_NETWORK_NAME, P201_TEST_RUNNER, RUN_LIVE_TESTS, SCHEMA_GATE_DSN, SCHEMA_GATE_PG_DUMP, SCHEMA_GATE_PG_IMAGE)
run-gate: budget 30m (hard limit; clock starts after admission and lock waits)
run-gate: docker argv: /usr/bin/docker exec --workdir /workspaces/dstdns -e CGROUP_PARENT_DEV_GATES=dev-gates.slice -e 'CGROUP_PARENT_DEV_BACKGROUND=<redacted>' -e 'RUN_GATE_PROFILE_SESSION=<redacted>' assay-b087-js-r3-qual-20261008-n1gbah-test-runner timeout --preserve-status --signal=TERM --kill-after=5s 1800s bash -c 'set -euo pipefail && cd /workspaces/dstdns/.worktrees/assay-b087-js-r3-qual-20261008 && mkdir -p .assay && rm -f -- .assay/verdict-b087_import_break.json && export GIT_CONFIG_GLOBAL=/tmp/run-gate-gitconfig && git config --global --replace-all safe.directory '"'"'*'"'"' && (cd /workspaces/dstdns/.worktrees/assay-b087-js-r3-qual-20261008/tools/assay && sha256sum -c assay-8.0.1.dev126+gad17ab38a.pyz.sha256) && { reported=$(python3 tools/assay/assay-8.0.1.dev126+gad17ab38a.pyz --version) || { echo "run-gate: pin '"'"'assay'"'"': version probe failed: python3 tools/assay/assay-8.0.1.dev126+gad17ab38a.pyz --version" >&2; exit 2; }; hit=0; for tok in $reported; do tok=${tok#"${tok%%[![:punct:]]*}"}; tok=${tok%"${tok##*[![:punct:]]}"}; case "$tok" in v[0-9]*) tok=${tok#v} ;; esac; if [ "$tok" = 8.0.1.dev126+gad17ab38a ]; then hit=1; fi; done; if [ "$hit" != 1 ]; then echo "run-gate: pin '"'"'assay'"'"' version mismatch: declared 8.0.1.dev126+gad17ab38a, artifact reports: $reported — fix pins.assay.version or republish the artifact" >&2; exit 2; fi; } && if [ ! -d /workspaces/dstdns/.run-gate ] || [ ! -w /workspaces/dstdns/.run-gate ] || [ ! -x /workspaces/dstdns/.run-gate ]; then printf '"'"'%s\n'"'"' '"'"'Assay state root '"'"'"'"'"'"'"'"'/workspaces/dstdns/.run-gate'"'"'"'"'"'"'"'"' became unavailable after preflight'"'"' >&2; exit 1; fi && if [ ! -d /workspaces/dstdns/.run-gate/assay-state ]; then mkdir /workspaces/dstdns/.run-gate/assay-state 2>/dev/null || [ -d /workspaces/dstdns/.run-gate/assay-state ]; fi && if [ ! -d /workspaces/dstdns/.run-gate/assay-state/.worktrees ]; then mkdir /workspaces/dstdns/.run-gate/assay-state/.worktrees 2>/dev/null || [ -d /workspaces/dstdns/.run-gate/assay-state/.worktrees ]; fi && if [ ! -d /workspaces/dstdns/.run-gate/assay-state/.worktrees/assay-b087-js-r3-qual-20261008 ]; then mkdir /workspaces/dstdns/.run-gate/assay-state/.worktrees/assay-b087-js-r3-qual-20261008 2>/dev/null || [ -d /workspaces/dstdns/.run-gate/assay-state/.worktrees/assay-b087-js-r3-qual-20261008 ]; fi && python3 tools/assay/assay-8.0.1.dev126+gad17ab38a.pyz run b087_import_break --file assay.toml --verdict-json .assay/verdict-b087_import_break.json --resume --progress .assay/progress-b087_import_break.jsonl --state-dir /workspaces/dstdns/.run-gate/assay-state/.worktrees/assay-b087-js-r3-qual-20261008 --request-base fc75306035e8ffe6493417839649f09fec174991'
run-gate: assay state root: /workspaces/dstdns/.run-gate and the nearest existing directory for /workspaces/dstdns/.run-gate/assay-state/.worktrees/assay-b087-js-r3-qual-20261008 are writable in environment 'test-runner'
run-gate: host memory PSI full avg10=0.0% avg60=0.34% | profiler cgprofile-host-daemon (cgprofile 0.0.0-dev, damon available)
run-gate: profile session s-20261008T100645Z-05d1 (scope container-shared, baseline 221 MiB, damon unavailable:no pids to monitor yet)
[ksm-optin] KSM enabled (PR_SET_MEMORY_MERGE=1)
[ksm-optin] KSM enabled (PR_SET_MEMORY_MERGE=1)
[ksm-optin] KSM enabled (PR_SET_MEMORY_MERGE=1)
[ksm-optin] KSM enabled (PR_SET_MEMORY_MERGE=1)
[ksm-optin] KSM enabled (PR_SET_MEMORY_MERGE=1)
[ksm-optin] KSM enabled (PR_SET_MEMORY_MERGE=1)
assay-8.0.1.dev126+gad17ab38a.pyz: OK
[ksm-optin] KSM enabled (PR_SET_MEMORY_MERGE=1)
[ksm-optin] KSM enabled (PR_SET_MEMORY_MERGE=1)
b087_import_break: PASS (exit 0)
  commit: 00b6f56d1dfa9f942c1ae261ef1b6306448a7cfe
  argv: npx --no-install vitest run --coverage --reporter=json --outputFile=.assay/vitest-report.json
run-gate: WARNING profiling: cleanup crashed unexpectedly: 'NoneType' object has no attribute 'get' — no profile recorded
run-gate: verdict artifact: /workspaces/dstdns/.worktrees/assay-b087-js-r3-qual-20261008/.assay/verdict-b087_import_break.json
run-gate: state directory: /workspaces/dstdns/.run-gate/assay-state/.worktrees/assay-b087-js-r3-qual-20261008
run-gate: lane 'b087-import-break' verdict PASS; exit_code 0; log /tmp/run-gate/lanes/b087-import-break/9f423325a969260849db00605f44f599.log
GATE_EXIT=0
