intervals: 12 (assay-v5.2.0 .. HEAD)
candidates in files changed in <= 3/12 intervals: 1192 of 3760
   623 cand  changed  6/12  src/assay/verdict.py
   382 cand  changed  7/12  src/assay/runner.py
   327 cand  changed  5/12  src/assay/verify.py
   317 cand  changed  4/12  src/assay/analysis.py
   276 cand  changed  8/12  src/assay/mutation.py
   248 cand  changed  6/12  src/assay/config.py
   166 cand  changed  3/12  src/assay/isolation.py
   143 cand  changed  4/12  src/assay/git.py
   135 cand  changed  5/12  src/assay/liveness.py
   117 cand  changed  8/12  src/assay/cli.py
   100 cand  changed  2/12  src/assay/mutation_witness.py
    80 cand  changed  0/12  src/assay/adapters/sql.py
    76 cand  changed  0/12  src/assay/adapters/sql_lex.py
    68 cand  changed  0/12  src/assay/adapters/go.py
    52 cand  changed  1/12  src/assay/adapters/go_modfile.py
    51 cand  changed  0/12  src/assay/adapters/python.py
    49 cand  changed  1/12  src/assay/adapters/javascript.py
    47 cand  changed  1/12  src/assay/evaluate.py
    45 cand  changed  0/12  src/assay/attestation.py
    42 cand  changed  2/12  src/assay/canary.py
    41 cand  changed  2/12  src/assay/coverage_parsers/coverage_istanbul_json.py
    32 cand  changed  0/12  src/assay/coverage_parsers/model.py
    30 cand  changed  1/12  src/assay/reuse.py
    30 cand  changed  0/12  src/assay/safeio.py
    24 cand  changed  0/12  src/assay/coverage_parsers/cobertura.py
    24 cand  changed  0/12  src/assay/output.py
    24 cand  changed  1/12  src/assay/provenance.py
    23 cand  changed  0/12  src/assay/diff.py
    23 cand  changed  1/12  src/assay/mutation_parsers/mutation_report_json.py
    22 cand  changed  2/12  src/assay/coverage_parsers/coverage_py_json.py
    22 cand  changed  0/12  src/assay/coverage_parsers/lcov.py
    22 cand  changed  0/12  src/assay/statement_attribution.py
    14 cand  changed  1/12  src/assay/candidate_identity.py
    12 cand  changed  1/12  src/assay/adapters/go_stmtpos.py
    12 cand  changed  0/12  src/assay/coverage.py
    12 cand  changed  0/12  src/assay/coverage_parsers/go_cover.py
    10 cand  changed  0/12  src/assay/adapters/base.py
    10 cand  changed  0/12  src/assay/adjudication.py
     6 cand  changed  0/12  src/assay/mutation_parsers/model.py
     5 cand  changed  1/12  src/assay/measurability.py
     5 cand  changed  0/12  src/assay/registry.py
     5 cand  changed  1/12  src/assay/result_reports/model.py
     3 cand  changed  1/12  src/assay/result_reports/vitest_json.py
     2 cand  changed  1/12  src/assay/vocabulary.py
     1 cand  changed  1/12  src/assay/errors.py
     1 cand  changed  0/12  src/assay/mutation_parsers/__init__.py
     1 cand  changed  1/12  src/assay/result_reports/__init__.py
